[ld-wt73.template-help.com/intense/intense-photographer-portfolio/index.html]
[backblue.gif]
[fade.gif]
[index.html]
[ld-wt73.template-help.com/cdn-cgi/apps/head/3ts2ksMwXvKRuG480KNifJ2_JNM.js]
[ld-wt73.template-help.com/intense/intense-photographer-portfolio/images/favicon.ico]
[ld-wt73.template-help.com/intense/intense-photographer-portfolio/images/ie8-panel/warning_bar_0000_us.jpg]
[ld-wt73.template-help.com/intense/intense-photographer-portfolio/css/style.css]
[ld-wt73.template-help.com/intense/intense-photographer-portfolio/images/logo-dark.png]
[ld-wt73.template-help.com/intense/intense-photographer-portfolio/about-me.html]
[ld-wt73.template-help.com/intense/intense-photographer-portfolio/portfolio.html]
[ld-wt73.template-help.com/intense/intense-photographer-portfolio/services.html]
[ld-wt73.template-help.com/intense/intense-photographer-portfolio/contact-me.html]
[ld-wt73.template-help.com/intense/intense-photographer-portfolio/privacy.html]
[ld-wt73.template-help.com/intense/intense-photographer-portfolio/images/image-01-1920x1080.jpg]
[ld-wt73.template-help.com/intense/intense-photographer-portfolio/images/image-02-1920x1080.jpg]
[ld-wt73.template-help.com/intense/intense-photographer-portfolio/images/brand.png]
[ld-wt73.template-help.com/intense/intense-photographer-portfolio/images/image-03-1920x1080.jpg]
[ld-wt73.template-help.com/intense/intense-photographer-portfolio/images/novi-icon-26x26.png]
[ld-wt73.template-help.com/intense/intense-photographer-portfolio/index.html]
[ld-wt73.template-help.com/intense/intense-photographer-portfolio/js/script.js]
[ld-wt73.template-help.com/intense/intense-photographer-portfolio/js/core.min.js]
[ld-wt73.template-help.com/intense/intense-photographer-portfolio/fonts/fontawesome-webfont3295.eot]
[ld-wt73.template-help.com/intense/intense-photographer-portfolio/fonts/fontawesome-webfontd41d.eot]
[ld-wt73.template-help.com/intense/intense-photographer-portfolio/fonts/fontawesome-webfont3295.woff2]
[ld-wt73.template-help.com/intense/intense-photographer-portfolio/fonts/fontawesome-webfont3295.woff]
[ld-wt73.template-help.com/intense/intense-photographer-portfolio/fonts/fontawesome-webfont3295.ttf]
[ld-wt73.template-help.com/intense/intense-photographer-portfolio/fonts/Flaticon.eot]
[ld-wt73.template-help.com/intense/intense-photographer-portfolio/fonts/fontawesome-webfont3295.svg]
[ld-wt73.template-help.com/intense/intense-photographer-portfolio/fonts/Flaticond41d.eot]
[ld-wt73.template-help.com/intense/intense-photographer-portfolio/fonts/Flaticon.woff]
[ld-wt73.template-help.com/intense/intense-photographer-portfolio/fonts/Flaticon.ttf]
[ld-wt73.template-help.com/intense/intense-photographer-portfolio/fonts/Flaticon.svg]
[ld-wt73.template-help.com/intense/intense-photographer-portfolio/css/Flaticon.svg]
[ld-wt73.template-help.com/intense/intense-photographer-portfolio/fonts/materialdesignicons-webfont14e6.eot]
[ld-wt73.template-help.com/intense/intense-photographer-portfolio/fonts/materialdesignicons-webfont14e6.woff2]
[ld-wt73.template-help.com/intense/intense-photographer-portfolio/fonts/materialdesignicons-webfontd41d.eot]
[ld-wt73.template-help.com/intense/intense-photographer-portfolio/fonts/materialdesignicons-webfont14e6.woff]
[ld-wt73.template-help.com/intense/intense-photographer-portfolio/fonts/materialdesignicons-webfont14e6.ttf]
[ld-wt73.template-help.com/intense/intense-photographer-portfolio/images/633328.png]
[ld-wt73.template-help.com/intense/intense-photographer-portfolio/images/preloader.gif]
[ld-wt73.template-help.com/intense/intense-photographer-portfolio/fonts/materialdesignicons-webfont14e6.svg]
[ld-wt73.template-help.com/intense/intense-photographer-portfolio/fonts/lgd641.eot]
[ld-wt73.template-help.com/intense/intense-photographer-portfolio/fonts/lgd41d.eot]
[ld-wt73.template-help.com/intense/intense-photographer-portfolio/fonts/lgd641.woff]
[ld-wt73.template-help.com/intense/intense-photographer-portfolio/fonts/lgd641.ttf]
[ld-wt73.template-help.com/intense/intense-photographer-portfolio/fonts/lgd641.svg]
[ld-wt73.template-help.com/intense/intense-photographer-portfolio/images/vimeo-play.png]
[ld-wt73.template-help.com/intense/intense-photographer-portfolio/images/video-play.png]
[ld-wt73.template-help.com/intense/intense-photographer-portfolio/images/youtube-play.png]
[ld-wt73.template-help.com/intense/intense-photographer-portfolio/images/loading.gif]
[ld-wt73.template-help.com/intense/intense-photographer-portfolio/images/preloader.png]
[ld-wt73.template-help.com/intense/intense-photographer-portfolio/css/style.css]
[ld-wt73.template-help.com/intense/intense-photographer-portfolio/about-me.html]
[ld-wt73.template-help.com/intense/intense-photographer-portfolio/images/image-26.jpg]
[ld-wt73.template-help.com/intense/intense-photographer-portfolio/single-project.html]
[ld-wt73.template-help.com/intense/intense-photographer-portfolio/images/image-04.jpg]
[ld-wt73.template-help.com/intense/intense-photographer-portfolio/images/image-05.jpg]
[ld-wt73.template-help.com/intense/intense-photographer-portfolio/images/image-06.jpg]
[ld-wt73.template-help.com/intense/intense-photographer-portfolio/images/image-07.jpg]
[ld-wt73.template-help.com/intense/intense-photographer-portfolio/images/image-09-442x332.jpg]
[ld-wt73.template-help.com/intense/intense-photographer-portfolio/images/image-08-442x442.jpg]
[ld-wt73.template-help.com/intense/intense-photographer-portfolio/images/image-11.jpg]
[ld-wt73.template-help.com/intense/intense-photographer-portfolio/images/image-3-442x332.jpg]
[ld-wt73.template-help.com/intense/intense-photographer-portfolio/images/image-10.jpg]
[ld-wt73.template-help.com/intense/intense-photographer-portfolio/images/image-12.jpg]
[ld-wt73.template-help.com/intense/intense-photographer-portfolio/images/image-14.jpg]
[ld-wt73.template-help.com/intense/intense-photographer-portfolio/images/image-13.jpg]
[ld-wt73.template-help.com/intense/intense-photographer-portfolio/images/image-15.jpg]
[ld-wt73.template-help.com/intense/intense-photographer-portfolio/images/image-2-442x332.jpg]
[ld-wt73.template-help.com/intense/intense-photographer-portfolio/images/image-16.jpg]
[ld-wt73.template-help.com/intense/intense-photographer-portfolio/images/image-19.jpg]
[ld-wt73.template-help.com/intense/intense-photographer-portfolio/images/image-17.jpg]
[ld-wt73.template-help.com/intense/intense-photographer-portfolio/images/image-21-442x332.jpg]
[ld-wt73.template-help.com/intense/intense-photographer-portfolio/images/image-18.jpg]
[ld-wt73.template-help.com/intense/intense-photographer-portfolio/portfolio.html]
[ld-wt73.template-help.com/intense/intense-photographer-portfolio/images/image-20.jpg]
[ld-wt73.template-help.com/intense/intense-photographer-portfolio/images/image-03-442x442.jpg]
[ld-wt73.template-help.com/intense/intense-photographer-portfolio/images/image-22.jpg]
[ld-wt73.template-help.com/intense/intense-photographer-portfolio/images/image-23.jpg]
[ld-wt73.template-help.com/intense/intense-photographer-portfolio/images/image-24.jpg]
[ld-wt73.template-help.com/intense/intense-photographer-portfolio/services.html]
[ld-wt73.template-help.com/intense/intense-photographer-portfolio/images/image-25.jpg]
[ld-wt73.template-help.com/intense/intense-photographer-portfolio/images/gmap_marker_active.png]
[ld-wt73.template-help.com/intense/intense-photographer-portfolio/contact-me.html]
[ld-wt73.template-help.com/intense/intense-photographer-portfolio/privacy.html]
[ld-wt73.template-help.com/intense/intense-photographer-portfolio/fonts/fontawesome-webfont3295.svg]
[ld-wt73.template-help.com/intense/intense-photographer-portfolio/fonts/Flaticon.svg]
[ld-wt73.template-help.com/intense/intense-photographer-portfolio/css/Flaticon.html]
[ld-wt73.template-help.com/intense/intense-photographer-portfolio/fonts/materialdesignicons-webfont14e6.svg]
[ld-wt73.template-help.com/intense/intense-photographer-portfolio/images/preloader.html]
[ld-wt73.template-help.com/intense/intense-photographer-portfolio/fonts/lgd641.svg]
[ld-wt73.template-help.com/intense/intense-photographer-portfolio/images/vimeo-play.html]
[ld-wt73.template-help.com/intense/intense-photographer-portfolio/images/video-play.html]
[ld-wt73.template-help.com/intense/intense-photographer-portfolio/images/youtube-play.html]
[ld-wt73.template-help.com/intense/intense-photographer-portfolio/images/preloader-2.html]
[ld-wt73.template-help.com/intense/intense-photographer-portfolio/images/image-08-1387x925.jpg]
[ld-wt73.template-help.com/intense/intense-photographer-portfolio/images/image-09-1387x925.jpg]
[ld-wt73.template-help.com/intense/intense-photographer-portfolio/single-project.html]
[ld-wt73.template-help.com/intense/intense-photographer-portfolio/images/image-21-1387x925.jpg]
